[revana.framer.media/index.html]
[backblue.gif]
[fade.gif]
[index.html]
[framerusercontent.com/images/V8MU8YCMQRqxtevH4lyZVqGarA.png]
[framerusercontent.com/images/TVmOECqaylVELOjBp3GpIkXwzc7ecb.jpg]
[framerusercontent.com/images/gOi8RRN6gm63ZSNiafMOAGTjCw4bf23.jpg]
[framerusercontent.com/images/ci72VQy0ylEs9EyxtuTSsvrt2FUcdcf.jpg]
[framerusercontent.com/images/hDLlxRe1MZ4E7ZysGXNW40MXBtMcdcf.jpg]
[framerusercontent.com/images/J6fdndgRdswuaC2xuJdmb3Ehq0wdf7a.jpg]
[framerusercontent.com/images/kNFZjriD4tmMjtXQ4EwCP4iDhMUcdcf.jpg]
[revana.framer.media/works/willow-house.html]
[framerusercontent.com/images/nLG3Mx7abt82bOzwzYQQaoW1fXMeb67.jpg]
[revana.framer.media/works/terra-garden.html]
[framerusercontent.com/images/VzKuk7ACHo1MFSz2vbcmbtCCRU7ecb.jpg]
[revana.framer.media/works/loft-line.html]
[framerusercontent.com/images/WeEuTLvFfXgsaR4RnOlAQDS14c7ecb.jpg]
[revana.framer.media/works/stonebay-bath.html]
[framerusercontent.com/images/C64AufeBTPMa9oPozmduCo4rxsQ7ecb.jpg]
[framerusercontent.com/images/HoegPOFwXc9X3BusWubuSMLPN423fc.jpg]
[framerusercontent.com/images/tQ12AFOnJwlZs5f0ccHmKleX48079.jpg]
[framerusercontent.com/images/KfUo5IxP34AqfaCoEtX80T5dJzs23fc.jpg]
[framerusercontent.com/images/bcUhnpQGc0KMvZPB8BhsyqSZ9w23fc.jpg]
[framerusercontent.com/images/YKMsff4HaXzezB6Frbb7BcHwhzY6291.jpg]
[framerusercontent.com/images/6c3VbVxuQQTSVktyq9H6q3O2CEYb9fc.jpg]
[framerusercontent.com/images/Mb7dbQTliyCP8AqxrHCRpEkKrQs6177.jpg]
[framerusercontent.com/images/HK63j7s4jYOIojOjCXofMUgi0E75d1.jpg]
[framerusercontent.com/images/FBF5rHJWXi5fqGg9y8hynEpMb4.jpg]
[framerusercontent.com/images/CWi7sPD4kWBtYGR2QmuFgL3lgIb075.png]
[framerusercontent.com/images/2uBYY8Z5EEfbKIrDhMMgTPWPY7654.png]
[revana.framer.media/about.html]
[revana.framer.media/index.html]
[revana.framer.media/works.html]
[framerusercontent.com/images/XJCMhgxdg6Tp51Wri6u4hIEz7g7ecb.jpg]
[framerusercontent.com/images/lnkqKkZV0n1WUUztjez0cW47ecb.jpg]
[revana.framer.media/works/willow-house.html]
[framerusercontent.com/images/qREew05H3Lk8KPFiBSK3p6IkyI16b1.jpg]
[framerusercontent.com/images/qbb5zKPta6GDNGHqBZgh7y6soc3e4.jpg]
[framerusercontent.com/images/qWmjij7NdtFAe0mfYbg9tGwwnU16b1.jpg]
[framerusercontent.com/images/bwwDxRNTAa1kiXsjS9cOntvk8079.jpg]
[revana.framer.media/works/terra-garden.html]
[framerusercontent.com/images/rR1fSHuRQSRFX707PcIXAbCbA5o7ecb.jpg]
[framerusercontent.com/images/09heAzFCck8t7tiJnrdVnq6Q2AUaaf1.jpg]
[revana.framer.media/works/loft-line.html]
[framerusercontent.com/images/aG4XpGJ4klputlT2FjY7extYfls7ecb.jpg]
[framerusercontent.com/images/Sy3XhULLfLPtZ5HhRl1ay3w7nU683f.jpg]
[revana.framer.media/works/stonebay-bath.html]
[framerusercontent.com/images/BiwEAlUgxlWenPTR59tawYbtXfs7ecb.jpg]
[framerusercontent.com/images/5Q3Nwm8IwAbSZ2nobSUWNf2HTg17f5.jpg]
[framerusercontent.com/images/KdGLDtQm3n9cSWjYnz4uzwWadaA6177.jpg]
[framerusercontent.com/images/FT8McDkqZ0EqvoV4ASJkVjpA3bdd.jpg]
[framerusercontent.com/images/MUeZo44APUwzEbSgfPSPJ2ARgxk6177.jpg]
[framerusercontent.com/images/jWGAbKRJNwko8SPuRxcGB0FMGgc57f.png]
[framerusercontent.com/images/gfIOy5g67ihoLmrciADUsWWRwtE7d69.png]
[framerusercontent.com/images/oZRHdkgFjwHfLOsWAPX5dKedpI6525.png]
[framerusercontent.com/images/iLMkpHWqoiPmNH4AaeYqivHQ0a12e.png]
[revana.framer.media/about.html]
[framerusercontent.com/images/cdgoVpLYsHMLXUYXbZEVBOtCEk7ecb.png]
[revana.framer.media/works.html]
